Archive member included to satisfy reference by file (symbol)

/usr/lib/gcc/avr/10.3.0/avr35/libgcc.a(_exit.o)
                              /usr/lib/gcc/avr/10.3.0/../../../../avr/lib/avr35/crtatmega16u2.o (exit)
/usr/lib/gcc/avr/10.3.0/../../../../avr/lib/avr35/libatmega16u2.a(eerd_byte.o)
                              obj/HoodLoader2.o (symbol from plugin) (eeprom_read_byte)
/usr/lib/gcc/avr/10.3.0/../../../../avr/lib/avr35/libatmega16u2.a(eeupd_byte.o)
                              obj/HoodLoader2.o (symbol from plugin) (eeprom_update_byte)
/usr/lib/gcc/avr/10.3.0/avr35/libgcc.a(_udivmodsi4.o)
                              /tmp/HoodLoader2.elf.hQAjx8.ltrans0.ltrans.o (__udivmodsi4)
/usr/lib/gcc/avr/10.3.0/avr35/libgcc.a(_copy_data.o)
                              /tmp/HoodLoader2.elf.hQAjx8.ltrans0.ltrans.o (__do_copy_data)
/usr/lib/gcc/avr/10.3.0/avr35/libgcc.a(_clear_bss.o)
                              /tmp/HoodLoader2.elf.hQAjx8.ltrans0.ltrans.o (__do_clear_bss)

Discarded input sections

 .data          0x0000000000000000        0x0 /usr/lib/gcc/avr/10.3.0/../../../../avr/lib/avr35/crtatmega16u2.o
 .bss           0x0000000000000000        0x0 /usr/lib/gcc/avr/10.3.0/../../../../avr/lib/avr35/crtatmega16u2.o
 .debug_info    0x0000000000000000      0x939 /tmp/cc34R0yU.debug.temp.o
 .debug_abbrev  0x0000000000000000      0x264 /tmp/cc34R0yU.debug.temp.o
 .debug_line    0x0000000000000000      0x247 /tmp/cc34R0yU.debug.temp.o
 .debug_str     0x0000000000000000      0xea8 /tmp/cc34R0yU.debug.temp.o
 .comment       0x0000000000000000       0x13 /tmp/cc34R0yU.debug.temp.o
 .debug_info    0x0000000000000000      0x71a /tmp/ccagvDND.debug.temp.o
 .debug_abbrev  0x0000000000000000      0x126 /tmp/ccagvDND.debug.temp.o
 .debug_line    0x0000000000000000      0x116 /tmp/ccagvDND.debug.temp.o
 .debug_str     0x0000000000000000      0x9c3 /tmp/ccagvDND.debug.temp.o
 .comment       0x0000000000000000       0x13 /tmp/ccagvDND.debug.temp.o
 .debug_info    0x0000000000000000      0x205 /tmp/ccB08Vpm.debug.temp.o
 .debug_abbrev  0x0000000000000000       0xc1 /tmp/ccB08Vpm.debug.temp.o
 .debug_line    0x0000000000000000       0x6f /tmp/ccB08Vpm.debug.temp.o
 .debug_str     0x0000000000000000      0x375 /tmp/ccB08Vpm.debug.temp.o
 .comment       0x0000000000000000       0x13 /tmp/ccB08Vpm.debug.temp.o
 .debug_info    0x0000000000000000      0x66f /tmp/ccUoH91b.debug.temp.o
 .debug_abbrev  0x0000000000000000      0x1a3 /tmp/ccUoH91b.debug.temp.o
 .debug_line    0x0000000000000000       0x92 /tmp/ccUoH91b.debug.temp.o
 .debug_str     0x0000000000000000      0x778 /tmp/ccUoH91b.debug.temp.o
 .comment       0x0000000000000000       0x13 /tmp/ccUoH91b.debug.temp.o
 .debug_info    0x0000000000000000       0x95 /tmp/ccQMG2Oq.debug.temp.o
 .debug_abbrev  0x0000000000000000       0x66 /tmp/ccQMG2Oq.debug.temp.o
 .debug_line    0x0000000000000000       0xb9 /tmp/ccQMG2Oq.debug.temp.o
 .debug_str     0x0000000000000000      0x2db /tmp/ccQMG2Oq.debug.temp.o
 .comment       0x0000000000000000       0x13 /tmp/ccQMG2Oq.debug.temp.o
 .debug_info    0x0000000000000000      0xac3 /tmp/ccAqiye5.debug.temp.o
 .debug_abbrev  0x0000000000000000      0x141 /tmp/ccAqiye5.debug.temp.o
 .debug_line    0x0000000000000000      0x1d9 /tmp/ccAqiye5.debug.temp.o
 .debug_str     0x0000000000000000      0x8f1 /tmp/ccAqiye5.debug.temp.o
 .comment       0x0000000000000000       0x13 /tmp/ccAqiye5.debug.temp.o
 .debug_info    0x0000000000000000      0x3ac /tmp/ccRGet7N.debug.temp.o
 .debug_abbrev  0x0000000000000000      0x165 /tmp/ccRGet7N.debug.temp.o
 .debug_line    0x0000000000000000      0x1bf /tmp/ccRGet7N.debug.temp.o
 .debug_str     0x0000000000000000      0x6ca /tmp/ccRGet7N.debug.temp.o
 .comment       0x0000000000000000       0x13 /tmp/ccRGet7N.debug.temp.o
 .debug_info    0x0000000000000000       0x56 /tmp/ccrLNG4k.debug.temp.o
 .debug_abbrev  0x0000000000000000       0x26 /tmp/ccrLNG4k.debug.temp.o
 .debug_line    0x0000000000000000       0x1d /tmp/ccrLNG4k.debug.temp.o
 .debug_str     0x0000000000000000      0x283 /tmp/ccrLNG4k.debug.temp.o
 .comment       0x0000000000000000       0x13 /tmp/ccrLNG4k.debug.temp.o
 .debug_info    0x0000000000000000       0x56 /tmp/ccjdMZez.debug.temp.o
 .debug_abbrev  0x0000000000000000       0x26 /tmp/ccjdMZez.debug.temp.o
 .debug_line    0x0000000000000000       0x1d /tmp/ccjdMZez.debug.temp.o
 .debug_str     0x0000000000000000      0x289 /tmp/ccjdMZez.debug.temp.o
 .comment       0x0000000000000000       0x13 /tmp/ccjdMZez.debug.temp.o
 .debug_info    0x0000000000000000       0x56 /tmp/cckIFmI7.debug.temp.o
 .debug_abbrev  0x0000000000000000       0x26 /tmp/cckIFmI7.debug.temp.o
 .debug_line    0x0000000000000000       0x1d /tmp/cckIFmI7.debug.temp.o
 .debug_str     0x0000000000000000      0x283 /tmp/cckIFmI7.debug.temp.o
 .comment       0x0000000000000000       0x13 /tmp/cckIFmI7.debug.temp.o
 .debug_info    0x0000000000000000      0x274 /tmp/ccGNK0g1.debug.temp.o
 .debug_abbrev  0x0000000000000000      0x105 /tmp/ccGNK0g1.debug.temp.o
 .debug_line    0x0000000000000000      0x1ac /tmp/ccGNK0g1.debug.temp.o
 .debug_str     0x0000000000000000      0x56d /tmp/ccGNK0g1.debug.temp.o
 .comment       0x0000000000000000       0x13 /tmp/ccGNK0g1.debug.temp.o
 .debug_info    0x0000000000000000      0x264 /tmp/ccYbXZCG.debug.temp.o
 .debug_abbrev  0x0000000000000000      0x122 /tmp/ccYbXZCG.debug.temp.o
 .debug_line    0x0000000000000000      0x1b9 /tmp/ccYbXZCG.debug.temp.o
 .debug_str     0x0000000000000000      0x525 /tmp/ccYbXZCG.debug.temp.o
 .comment       0x0000000000000000       0x13 /tmp/ccYbXZCG.debug.temp.o
 .debug_info    0x0000000000000000      0x28d /tmp/cc1dardG.debug.temp.o
 .debug_abbrev  0x0000000000000000      0x123 /tmp/cc1dardG.debug.temp.o
 .debug_line    0x0000000000000000       0xc0 /tmp/cc1dardG.debug.temp.o
 .debug_str     0x0000000000000000      0x4c9 /tmp/cc1dardG.debug.temp.o
 .comment       0x0000000000000000       0x13 /tmp/cc1dardG.debug.temp.o
 .debug_info    0x0000000000000000      0x3c7 /tmp/cc42r2OT.debug.temp.o
 .debug_abbrev  0x0000000000000000      0x174 /tmp/cc42r2OT.debug.temp.o
 .debug_line    0x0000000000000000      0x128 /tmp/cc42r2OT.debug.temp.o
 .debug_str     0x0000000000000000      0x79c /tmp/cc42r2OT.debug.temp.o
 .comment       0x0000000000000000       0x13 /tmp/cc42r2OT.debug.temp.o
 .debug_info    0x0000000000000000       0xb0 /tmp/ccC0npXU.debug.temp.o
 .debug_abbrev  0x0000000000000000       0x6f /tmp/ccC0npXU.debug.temp.o
 .debug_line    0x0000000000000000       0x64 /tmp/ccC0npXU.debug.temp.o
 .debug_str     0x0000000000000000      0x2b4 /tmp/ccC0npXU.debug.temp.o
 .comment       0x0000000000000000       0x13 /tmp/ccC0npXU.debug.temp.o
 .debug_info    0x0000000000000000       0x56 /tmp/ccaItPUS.debug.temp.o
 .debug_abbrev  0x0000000000000000       0x26 /tmp/ccaItPUS.debug.temp.o
 .debug_line    0x0000000000000000       0x1d /tmp/ccaItPUS.debug.temp.o
 .debug_str     0x0000000000000000      0x284 /tmp/ccaItPUS.debug.temp.o
 .comment       0x0000000000000000       0x13 /tmp/ccaItPUS.debug.temp.o
 .debug_info    0x0000000000000000      0x1ab /tmp/ccWIROCq.debug.temp.o
 .debug_abbrev  0x0000000000000000      0x114 /tmp/ccWIROCq.debug.temp.o
 .debug_line    0x0000000000000000       0xf6 /tmp/ccWIROCq.debug.temp.o
 .debug_str     0x0000000000000000      0x431 /tmp/ccWIROCq.debug.temp.o
 .comment       0x0000000000000000       0x13 /tmp/ccWIROCq.debug.temp.o
 .text          0x0000000000000000        0x0 obj/BootloaderAPITable.o
 .data          0x0000000000000000        0x0 obj/BootloaderAPITable.o
 .bss           0x0000000000000000        0x0 obj/BootloaderAPITable.o
 .text          0x0000000000000000        0x0 /usr/lib/gcc/avr/10.3.0/avr35/libgcc.a(_exit.o)
 .data          0x0000000000000000        0x0 /usr/lib/gcc/avr/10.3.0/avr35/libgcc.a(_exit.o)
 .bss           0x0000000000000000        0x0 /usr/lib/gcc/avr/10.3.0/avr35/libgcc.a(_exit.o)
 .text.libgcc.mul
                0x0000000000000000        0x0 /usr/lib/gcc/avr/10.3.0/avr35/libgcc.a(_exit.o)
 .text.libgcc.div
                0x0000000000000000        0x0 /usr/lib/gcc/avr/10.3.0/avr35/libgcc.a(_exit.o)
 .text.libgcc   0x0000000000000000        0x0 /usr/lib/gcc/avr/10.3.0/avr35/libgcc.a(_exit.o)
 .text.libgcc.prologue
                0x0000000000000000        0x0 /usr/lib/gcc/avr/10.3.0/avr35/libgcc.a(_exit.o)
 .text.libgcc.builtins
                0x0000000000000000        0x0 /usr/lib/gcc/avr/10.3.0/avr35/libgcc.a(_exit.o)
 .text.libgcc.fmul
                0x0000000000000000        0x0 /usr/lib/gcc/avr/10.3.0/avr35/libgcc.a(_exit.o)
 .text.libgcc.fixed
                0x0000000000000000        0x0 /usr/lib/gcc/avr/10.3.0/avr35/libgcc.a(_exit.o)
 .text          0x0000000000000000        0x0 /usr/lib/gcc/avr/10.3.0/avr35/libgcc.a(_udivmodsi4.o)
 .data          0x0000000000000000        0x0 /usr/lib/gcc/avr/10.3.0/avr35/libgcc.a(_udivmodsi4.o)
 .bss           0x0000000000000000        0x0 /usr/lib/gcc/avr/10.3.0/avr35/libgcc.a(_udivmodsi4.o)
 .text.libgcc.mul
                0x0000000000000000        0x0 /usr/lib/gcc/avr/10.3.0/avr35/libgcc.a(_udivmodsi4.o)
 .text.libgcc   0x0000000000000000        0x0 /usr/lib/gcc/avr/10.3.0/avr35/libgcc.a(_udivmodsi4.o)
 .text.libgcc.prologue
                0x0000000000000000        0x0 /usr/lib/gcc/avr/10.3.0/avr35/libgcc.a(_udivmodsi4.o)
 .text.libgcc.builtins
                0x0000000000000000        0x0 /usr/lib/gcc/avr/10.3.0/avr35/libgcc.a(_udivmodsi4.o)
 .text.libgcc.fmul
                0x0000000000000000        0x0 /usr/lib/gcc/avr/10.3.0/avr35/libgcc.a(_udivmodsi4.o)
 .text.libgcc.fixed
                0x0000000000000000        0x0 /usr/lib/gcc/avr/10.3.0/avr35/libgcc.a(_udivmodsi4.o)
 .text          0x0000000000000000        0x0 /usr/lib/gcc/avr/10.3.0/avr35/libgcc.a(_copy_data.o)
 .data          0x0000000000000000        0x0 /usr/lib/gcc/avr/10.3.0/avr35/libgcc.a(_copy_data.o)
 .bss           0x0000000000000000        0x0 /usr/lib/gcc/avr/10.3.0/avr35/libgcc.a(_copy_data.o)
 .text.libgcc.mul
                0x0000000000000000        0x0 /usr/lib/gcc/avr/10.3.0/avr35/libgcc.a(_copy_data.o)
 .text.libgcc.div
                0x0000000000000000        0x0 /usr/lib/gcc/avr/10.3.0/avr35/libgcc.a(_copy_data.o)
 .text.libgcc   0x0000000000000000        0x0 /usr/lib/gcc/avr/10.3.0/avr35/libgcc.a(_copy_data.o)
 .text.libgcc.prologue
                0x0000000000000000        0x0 /usr/lib/gcc/avr/10.3.0/avr35/libgcc.a(_copy_data.o)
 .text.libgcc.builtins
                0x0000000000000000        0x0 /usr/lib/gcc/avr/10.3.0/avr35/libgcc.a(_copy_data.o)
 .text.libgcc.fmul
                0x0000000000000000        0x0 /usr/lib/gcc/avr/10.3.0/avr35/libgcc.a(_copy_data.o)
 .text.libgcc.fixed
                0x0000000000000000        0x0 /usr/lib/gcc/avr/10.3.0/avr35/libgcc.a(_copy_data.o)
 .text          0x0000000000000000        0x0 /usr/lib/gcc/avr/10.3.0/avr35/libgcc.a(_clear_bss.o)
 .data          0x0000000000000000        0x0 /usr/lib/gcc/avr/10.3.0/avr35/libgcc.a(_clear_bss.o)
 .bss           0x0000000000000000        0x0 /usr/lib/gcc/avr/10.3.0/avr35/libgcc.a(_clear_bss.o)
 .text.libgcc.mul
                0x0000000000000000        0x0 /usr/lib/gcc/avr/10.3.0/avr35/libgcc.a(_clear_bss.o)
 .text.libgcc.div
                0x0000000000000000        0x0 /usr/lib/gcc/avr/10.3.0/avr35/libgcc.a(_clear_bss.o)
 .text.libgcc   0x0000000000000000        0x0 /usr/lib/gcc/avr/10.3.0/avr35/libgcc.a(_clear_bss.o)
 .text.libgcc.prologue
                0x0000000000000000        0x0 /usr/lib/gcc/avr/10.3.0/avr35/libgcc.a(_clear_bss.o)
 .text.libgcc.builtins
                0x0000000000000000        0x0 /usr/lib/gcc/avr/10.3.0/avr35/libgcc.a(_clear_bss.o)
 .text.libgcc.fmul
                0x0000000000000000        0x0 /usr/lib/gcc/avr/10.3.0/avr35/libgcc.a(_clear_bss.o)
 .text.libgcc.fixed
                0x0000000000000000        0x0 /usr/lib/gcc/avr/10.3.0/avr35/libgcc.a(_clear_bss.o)
 .text          0x0000000000000000        0x0 /usr/lib/gcc/avr/10.3.0/../../../../avr/lib/avr35/libatmega16u2.a(eerd_byte.o)
 .data          0x0000000000000000        0x0 /usr/lib/gcc/avr/10.3.0/../../../../avr/lib/avr35/libatmega16u2.a(eerd_byte.o)
 .bss           0x0000000000000000        0x0 /usr/lib/gcc/avr/10.3.0/../../../../avr/lib/avr35/libatmega16u2.a(eerd_byte.o)
 .text          0x0000000000000000        0x0 /usr/lib/gcc/avr/10.3.0/../../../../avr/lib/avr35/libatmega16u2.a(eeupd_byte.o)
 .data          0x0000000000000000        0x0 /usr/lib/gcc/avr/10.3.0/../../../../avr/lib/avr35/libatmega16u2.a(eeupd_byte.o)
 .bss           0x0000000000000000        0x0 /usr/lib/gcc/avr/10.3.0/../../../../avr/lib/avr35/libatmega16u2.a(eeupd_byte.o)

Memory Configuration

Name             Origin             Length             Attributes
text             0x0000000000000000 0x0000000000010000 xr
data             0x0000000000800060 0x000000000000ffa0 rw !x
eeprom           0x0000000000810000 0x0000000000010000 rw !x
fuse             0x0000000000820000 0x0000000000000400 rw !x
lock             0x0000000000830000 0x0000000000000400 rw !x
signature        0x0000000000840000 0x0000000000000400 rw !x
user_signatures  0x0000000000850000 0x0000000000000400 rw !x
*default*        0x0000000000000000 0xffffffffffffffff

Linker script and memory map

Address of section .data set to 0x800100
LOAD /usr/lib/gcc/avr/10.3.0/../../../../avr/lib/avr35/crtatmega16u2.o
LOAD obj/HoodLoader2.o
LOAD /tmp/HoodLoader2.elf.hQAjx8.ltrans0.ltrans.o
LOAD /tmp/cc34R0yU.debug.temp.o
LOAD /tmp/ccagvDND.debug.temp.o
LOAD /tmp/ccB08Vpm.debug.temp.o
LOAD /tmp/ccUoH91b.debug.temp.o
LOAD /tmp/ccQMG2Oq.debug.temp.o
LOAD /tmp/ccAqiye5.debug.temp.o
LOAD /tmp/ccRGet7N.debug.temp.o
LOAD /tmp/ccrLNG4k.debug.temp.o
LOAD /tmp/ccjdMZez.debug.temp.o
LOAD /tmp/cckIFmI7.debug.temp.o
LOAD /tmp/ccGNK0g1.debug.temp.o
LOAD /tmp/ccYbXZCG.debug.temp.o
LOAD /tmp/cc1dardG.debug.temp.o
LOAD /tmp/cc42r2OT.debug.temp.o
LOAD /tmp/ccC0npXU.debug.temp.o
LOAD /tmp/ccaItPUS.debug.temp.o
LOAD /tmp/ccWIROCq.debug.temp.o
LOAD obj/Descriptors.o
LOAD obj/BootloaderAPI.o
LOAD obj/BootloaderAPITable.o
LOAD obj/HIDParser.o
LOAD obj/Device_AVR8.o
LOAD obj/EndpointStream_AVR8.o
LOAD obj/Endpoint_AVR8.o
LOAD obj/Host_AVR8.o
LOAD obj/PipeStream_AVR8.o
LOAD obj/Pipe_AVR8.o
LOAD obj/USBController_AVR8.o
LOAD obj/USBInterrupt_AVR8.o
LOAD obj/ConfigDescriptors.o
LOAD obj/DeviceStandardReq.o
LOAD obj/Events.o
LOAD obj/HostStandardReq.o
LOAD obj/USBTask.o
LOAD /usr/lib/gcc/avr/10.3.0/../../../../avr/lib/avr35/libm.a
Address of section .text set to 0x3000
Address of section .apitable_trampolines set to 0x3fa0
Address of section .apitable_jumptable set to 0x3fe0
Address of section .apitable_signatures set to 0x3ff8
Address of section .data set to 0x800282
START GROUP
LOAD /usr/lib/gcc/avr/10.3.0/avr35/libgcc.a
LOAD /usr/lib/gcc/avr/10.3.0/../../../../avr/lib/avr35/libm.a
LOAD /usr/lib/gcc/avr/10.3.0/../../../../avr/lib/avr35/libc.a
LOAD /usr/lib/gcc/avr/10.3.0/../../../../avr/lib/avr35/libatmega16u2.a
END GROUP
                0x0000000000010000                __TEXT_REGION_LENGTH__ = DEFINED (__TEXT_REGION_LENGTH__)?__TEXT_REGION_LENGTH__:0x10000
                0x000000000000ffa0                __DATA_REGION_LENGTH__ = DEFINED (__DATA_REGION_LENGTH__)?__DATA_REGION_LENGTH__:0xffa0
                0x0000000000010000                __EEPROM_REGION_LENGTH__ = DEFINED (__EEPROM_REGION_LENGTH__)?__EEPROM_REGION_LENGTH__:0x10000
                0x0000000000000400                __FUSE_REGION_LENGTH__ = DEFINED (__FUSE_REGION_LENGTH__)?__FUSE_REGION_LENGTH__:0x400
                0x0000000000000400                __LOCK_REGION_LENGTH__ = DEFINED (__LOCK_REGION_LENGTH__)?__LOCK_REGION_LENGTH__:0x400
                0x0000000000000400                __SIGNATURE_REGION_LENGTH__ = DEFINED (__SIGNATURE_REGION_LENGTH__)?__SIGNATURE_REGION_LENGTH__:0x400
                0x0000000000000400                __USER_SIGNATURE_REGION_LENGTH__ = DEFINED (__USER_SIGNATURE_REGION_LENGTH__)?__USER_SIGNATURE_REGION_LENGTH__:0x400

.hash
 *(.hash)

.dynsym
 *(.dynsym)

.dynstr
 *(.dynstr)

.gnu.version
 *(.gnu.version)

.gnu.version_d
 *(.gnu.version_d)

.gnu.version_r
 *(.gnu.version_r)

.rel.init
 *(.rel.init)

.rela.init
 *(.rela.init)

.rel.text
 *(.rel.text)
 *(.rel.text.*)
 *(.rel.gnu.linkonce.t*)

.rela.text
 *(.rela.text)
 *(.rela.text.*)
 *(.rela.gnu.linkonce.t*)

.rel.fini
 *(.rel.fini)

.rela.fini
 *(.rela.fini)

.rel.rodata
 *(.rel.rodata)
 *(.rel.rodata.*)
 *(.rel.gnu.linkonce.r*)

.rela.rodata
 *(.rela.rodata)
 *(.rela.rodata.*)
 *(.rela.gnu.linkonce.r*)

.rel.data
 *(.rel.data)
 *(.rel.data.*)
 *(.rel.gnu.linkonce.d*)

.rela.data
 *(.rela.data)
 *(.rela.data.*)
 *(.rela.gnu.linkonce.d*)

.rel.ctors
 *(.rel.ctors)

.rela.ctors
 *(.rela.ctors)

.rel.dtors
 *(.rel.dtors)

.rela.dtors
 *(.rela.dtors)

.rel.got
 *(.rel.got)

.rela.got
 *(.rela.got)

.rel.bss
 *(.rel.bss)

.rela.bss
 *(.rela.bss)

.rel.plt
 *(.rel.plt)

.rela.plt
 *(.rela.plt)

.text           0x0000000000003000     0x100a
 *(.vectors)
 .vectors       0x0000000000003000       0x74 /usr/lib/gcc/avr/10.3.0/../../../../avr/lib/avr35/crtatmega16u2.o
                0x0000000000003000                __vectors
                0x0000000000003000                __vector_default
 *(.vectors)
 *(.progmem.gcc*)
                0x0000000000003074                . = ALIGN (0x2)
                0x0000000000003074                __trampolines_start = .
 *(.trampolines)
 .trampolines   0x0000000000003074        0x0 linker stubs
 *(.trampolines*)
                0x0000000000003074                __trampolines_end = .
 *libprintf_flt.a:*(.progmem.data)
 *libc.a:*(.progmem.data)
 *(.progmem.*)
 .progmem.data  0x0000000000003074       0x8a /tmp/HoodLoader2.elf.hQAjx8.ltrans0.ltrans.o
                0x00000000000030fe                . = ALIGN (0x2)
 *(.lowtext)
 *(.lowtext*)
                0x00000000000030fe                __ctors_start = .
 *(.ctors)
                0x00000000000030fe                __ctors_end = .
                0x00000000000030fe                __dtors_start = .
 *(.dtors)
                0x00000000000030fe                __dtors_end = .
 SORT_BY_NAME(*)(.ctors)
 SORT_BY_NAME(*)(.dtors)
 *(.init0)
 .init0         0x00000000000030fe        0x0 /usr/lib/gcc/avr/10.3.0/../../../../avr/lib/avr35/crtatmega16u2.o
                0x00000000000030fe                __init
 *(.init0)
 *(.init1)
 *(.init1)
 *(.init2)
 .init2         0x00000000000030fe        0xc /usr/lib/gcc/avr/10.3.0/../../../../avr/lib/avr35/crtatmega16u2.o
 *(.init2)
 *(.init3)
 .init3         0x000000000000310a       0x84 /tmp/HoodLoader2.elf.hQAjx8.ltrans0.ltrans.o
                0x000000000000310a                Application_Jump_Check
 *(.init3)
 *(.init4)
 .init4         0x000000000000318e       0x16 /usr/lib/gcc/avr/10.3.0/avr35/libgcc.a(_copy_data.o)
                0x000000000000318e                __do_copy_data
 .init4         0x00000000000031a4       0x10 /usr/lib/gcc/avr/10.3.0/avr35/libgcc.a(_clear_bss.o)
                0x00000000000031a4                __do_clear_bss
 *(.init4)
 *(.init5)
 *(.init5)
 *(.init6)
 *(.init6)
 *(.init7)
 *(.init7)
 *(.init8)
 *(.init8)
 *(.init9)
 .init9         0x00000000000031b4        0x4 /usr/lib/gcc/avr/10.3.0/../../../../avr/lib/avr35/crtatmega16u2.o
 *(.init9)
 *(.text)
 .text          0x00000000000031b8        0x2 /usr/lib/gcc/avr/10.3.0/../../../../avr/lib/avr35/crtatmega16u2.o
                0x00000000000031b8                __vector_22
                0x00000000000031b8                __vector_28
                0x00000000000031b8                __vector_1
                0x00000000000031b8                __vector_12
                0x00000000000031b8                __bad_interrupt
                0x00000000000031b8                __vector_6
                0x00000000000031b8                __vector_3
                0x00000000000031b8                __vector_25
                0x00000000000031b8                __vector_13
                0x00000000000031b8                __vector_17
                0x00000000000031b8                __vector_19
                0x00000000000031b8                __vector_7
                0x00000000000031b8                __vector_27
                0x00000000000031b8                __vector_5
                0x00000000000031b8                __vector_4
                0x00000000000031b8                __vector_9
                0x00000000000031b8                __vector_2
                0x00000000000031b8                __vector_21
                0x00000000000031b8                __vector_15
                0x00000000000031b8                __vector_8
                0x00000000000031b8                __vector_26
                0x00000000000031b8                __vector_14
                0x00000000000031b8                __vector_10
                0x00000000000031b8                __vector_16
                0x00000000000031b8                __vector_18
                0x00000000000031b8                __vector_20
 .text          0x00000000000031ba      0x768 /tmp/HoodLoader2.elf.hQAjx8.ltrans0.ltrans.o
                0x000000000000338c                __vector_23
                0x000000000000339e                __vector_24
                0x00000000000033c4                BootloaderAPI_ReadFuse
                0x00000000000033d0                BootloaderAPI_ErasePage
                0x00000000000033fe                BootloaderAPI_WritePage
                0x000000000000342c                BootloaderAPI_FillWord
                0x0000000000003452                BootloaderAPI_ReadSignature
                0x000000000000345e                BootloaderAPI_ReadLock
                0x000000000000346c                BootloaderAPI_WriteLock
                0x0000000000003802                __vector_11
                0x0000000000003922                . = ALIGN (0x2)
 *(.text.*)
 .text.startup  0x0000000000003922      0x66c /tmp/HoodLoader2.elf.hQAjx8.ltrans0.ltrans.o
                0x0000000000003922                main
 .text.libgcc.div
                0x0000000000003f8e       0x44 /usr/lib/gcc/avr/10.3.0/avr35/libgcc.a(_udivmodsi4.o)
                0x0000000000003f8e                __udivmodsi4
 .text.avr-libc
                0x0000000000003fd2       0x10 /usr/lib/gcc/avr/10.3.0/../../../../avr/lib/avr35/libatmega16u2.a(eerd_byte.o)
                0x0000000000003fd2                eeprom_read_byte
 .text.avr-libc
                0x0000000000003fe2       0x24 /usr/lib/gcc/avr/10.3.0/../../../../avr/lib/avr35/libatmega16u2.a(eeupd_byte.o)
                0x0000000000003fe2                eeprom_update_byte
                0x0000000000003fe4                eeprom_update_r18
                0x0000000000004006                . = ALIGN (0x2)
 *(.fini9)
 .fini9         0x0000000000004006        0x0 /usr/lib/gcc/avr/10.3.0/avr35/libgcc.a(_exit.o)
                0x0000000000004006                exit
                0x0000000000004006                _exit
 *(.fini9)
 *(.fini8)
 *(.fini8)
 *(.fini7)
 *(.fini7)
 *(.fini6)
 *(.fini6)
 *(.fini5)
 *(.fini5)
 *(.fini4)
 *(.fini4)
 *(.fini3)
 *(.fini3)
 *(.fini2)
 *(.fini2)
 *(.fini1)
 *(.fini1)
 *(.fini0)
 .fini0         0x0000000000004006        0x4 /usr/lib/gcc/avr/10.3.0/avr35/libgcc.a(_exit.o)
 *(.fini0)
 *(.hightext)
 *(.hightext*)
 *(.progmemx.*)
                0x000000000000400a                . = ALIGN (0x2)
 *(.jumptables)
 *(.jumptables*)
                0x000000000000400a                _etext = .

.data           0x0000000000800282       0x10 load address 0x000000000000400a
                0x0000000000800282                PROVIDE (__data_start = .)
 *(.data)
 .data          0x0000000000800282        0x8 /tmp/HoodLoader2.elf.hQAjx8.ltrans0.ltrans.o
 *(.data*)
 *(.gnu.linkonce.d*)
 *(.rodata)
 *(.rodata*)
 .rodata.str1.1
                0x000000000080028a        0x8 /tmp/HoodLoader2.elf.hQAjx8.ltrans0.ltrans.o
 *(.gnu.linkonce.r*)
                0x0000000000800292                . = ALIGN (0x2)
                0x0000000000800292                _edata = .
                0x0000000000800292                PROVIDE (__data_end = .)

.bss            0x0000000000800292       0x11
                0x0000000000800292                PROVIDE (__bss_start = .)
 *(.bss)
 .bss           0x0000000000800292       0x11 /tmp/HoodLoader2.elf.hQAjx8.ltrans0.ltrans.o
 *(.bss*)
 *(COMMON)
                0x00000000008002a3                PROVIDE (__bss_end = .)
                0x000000000000400a                __data_load_start = LOADADDR (.data)
                0x000000000000401a                __data_load_end = (__data_load_start + SIZEOF (.data))

.noinit         0x00000000008002a3        0x0
                [!provide]                        PROVIDE (__noinit_start = .)
 *(.noinit .noinit.* .gnu.linkonce.n.*)
                [!provide]                        PROVIDE (__noinit_end = .)
                0x00000000008002a3                _end = .
                [!provide]                        PROVIDE (__heap_start = .)

.eeprom         0x0000000000810000        0x0
 *(.eeprom*)
                0x0000000000810000                __eeprom_end = .

.fuse
 *(.fuse)
 *(.lfuse)
 *(.hfuse)
 *(.efuse)

.lock
 *(.lock*)

.signature
 *(.signature*)

.stab           0x0000000000000000     0x3330
 *(.stab)
 .stab          0x0000000000000000     0x3330 /tmp/HoodLoader2.elf.hQAjx8.ltrans0.ltrans.o

.stabstr        0x0000000000000000      0xdc8
 *(.stabstr)
 .stabstr       0x0000000000000000      0xdc8 /tmp/HoodLoader2.elf.hQAjx8.ltrans0.ltrans.o

.stab.excl
 *(.stab.excl)

.stab.exclstr
 *(.stab.exclstr)

.stab.index
 *(.stab.index)

.stab.indexstr
 *(.stab.indexstr)

.comment        0x0000000000000000       0x12
 *(.comment)
 .comment       0x0000000000000000       0x12 /tmp/HoodLoader2.elf.hQAjx8.ltrans0.ltrans.o
                                         0x13 (size before relaxing)

.note.gnu.avr.deviceinfo
                0x0000000000000000       0x40
 .note.gnu.avr.deviceinfo
                0x0000000000000000       0x40 /usr/lib/gcc/avr/10.3.0/../../../../avr/lib/avr35/crtatmega16u2.o

.note.gnu.build-id
 *(.note.gnu.build-id)

.debug
 *(.debug)

.line
 *(.line)

.debug_srcinfo
 *(.debug_srcinfo)

.debug_sfnames
 *(.debug_sfnames)

.debug_aranges  0x0000000000000000       0x28
 *(.debug_aranges)
 .debug_aranges
                0x0000000000000000       0x28 obj/BootloaderAPITable.o

.debug_pubnames
 *(.debug_pubnames)

.debug_info     0x0000000000000000      0x6dc
 *(.debug_info .gnu.linkonce.wi.*)
 .debug_info    0x0000000000000000      0x6ba /usr/lib/gcc/avr/10.3.0/../../../../avr/lib/avr35/crtatmega16u2.o
 .debug_info    0x00000000000006ba       0x22 obj/BootloaderAPITable.o

.debug_abbrev   0x0000000000000000      0x66f
 *(.debug_abbrev)
 .debug_abbrev  0x0000000000000000      0x65d /usr/lib/gcc/avr/10.3.0/../../../../avr/lib/avr35/crtatmega16u2.o
 .debug_abbrev  0x000000000000065d       0x12 obj/BootloaderAPITable.o

.debug_line     0x0000000000000000       0xf7
 *(.debug_line .debug_line.* .debug_line_end)
 .debug_line    0x0000000000000000       0x1d /usr/lib/gcc/avr/10.3.0/../../../../avr/lib/avr35/crtatmega16u2.o
 .debug_line    0x000000000000001d       0xda obj/BootloaderAPITable.o

.debug_frame
 *(.debug_frame)

.debug_str      0x0000000000000000      0x321
 *(.debug_str)
 .debug_str     0x0000000000000000      0x262 /usr/lib/gcc/avr/10.3.0/../../../../avr/lib/avr35/crtatmega16u2.o
 .debug_str     0x0000000000000262       0xbf obj/BootloaderAPITable.o

.debug_loc
 *(.debug_loc)

.debug_macinfo
 *(.debug_macinfo)

.debug_weaknames
 *(.debug_weaknames)

.debug_funcnames
 *(.debug_funcnames)

.debug_typenames
 *(.debug_typenames)

.debug_varnames
 *(.debug_varnames)

.debug_pubtypes
 *(.debug_pubtypes)

.debug_ranges   0x0000000000000000       0x20
 *(.debug_ranges)
 .debug_ranges  0x0000000000000000       0x20 obj/BootloaderAPITable.o

.debug_addr
 *(.debug_addr)

.debug_line_str
 *(.debug_line_str)

.debug_loclists
 *(.debug_loclists)

.debug_macro
 *(.debug_macro)

.debug_names
 *(.debug_names)

.debug_rnglists
 *(.debug_rnglists)

.debug_str_offsets
 *(.debug_str_offsets)

.debug_sup
 *(.debug_sup)
OUTPUT(HoodLoader2.elf elf32-avr)
LOAD linker stubs

.apitable_trampolines
                0x0000000000003fa0       0x18
 .apitable_trampolines
                0x0000000000003fa0       0x18 obj/BootloaderAPITable.o
                0x0000000000003fa0                BootloaderAPI_Trampolines

.apitable_jumptable
                0x0000000000003fe0       0x18
 .apitable_jumptable
                0x0000000000003fe0       0x18 obj/BootloaderAPITable.o
                0x0000000000003fe0                BootloaderAPI_JumpTable

.apitable_signatures
                0x0000000000003ff8        0x8
 .apitable_signatures
                0x0000000000003ff8        0x8 obj/BootloaderAPITable.o
                0x0000000000003ff8                BootloaderAPI_Signatures

Cross Reference Table

Symbol                                            File
Application_Jump_Check                            /tmp/HoodLoader2.elf.hQAjx8.ltrans0.ltrans.o
                                                  obj/HoodLoader2.o (symbol from plugin)
BootloaderAPI.c.520d24ae                          /tmp/ccB08Vpm.debug.temp.o
BootloaderAPI_ErasePage                           /tmp/HoodLoader2.elf.hQAjx8.ltrans0.ltrans.o
                                                  obj/BootloaderAPI.o (symbol from plugin)
                                                  obj/BootloaderAPITable.o
                                                  obj/HoodLoader2.o (symbol from plugin)
BootloaderAPI_FillWord                            /tmp/HoodLoader2.elf.hQAjx8.ltrans0.ltrans.o
                                                  obj/BootloaderAPI.o (symbol from plugin)
                                                  obj/BootloaderAPITable.o
                                                  obj/HoodLoader2.o (symbol from plugin)
BootloaderAPI_JumpTable                           obj/BootloaderAPITable.o
BootloaderAPI_ReadFuse                            /tmp/HoodLoader2.elf.hQAjx8.ltrans0.ltrans.o
                                                  obj/BootloaderAPI.o (symbol from plugin)
                                                  obj/BootloaderAPITable.o
                                                  obj/HoodLoader2.o (symbol from plugin)
BootloaderAPI_ReadLock                            /tmp/HoodLoader2.elf.hQAjx8.ltrans0.ltrans.o
                                                  obj/BootloaderAPI.o (symbol from plugin)
                                                  obj/BootloaderAPITable.o
                                                  obj/HoodLoader2.o (symbol from plugin)
BootloaderAPI_ReadSignature                       /tmp/HoodLoader2.elf.hQAjx8.ltrans0.ltrans.o
                                                  obj/BootloaderAPI.o (symbol from plugin)
                                                  obj/BootloaderAPITable.o
BootloaderAPI_Signatures                          obj/BootloaderAPITable.o
BootloaderAPI_Trampolines                         obj/BootloaderAPITable.o
BootloaderAPI_WriteLock                           /tmp/HoodLoader2.elf.hQAjx8.ltrans0.ltrans.o
                                                  obj/BootloaderAPI.o (symbol from plugin)
                                                  obj/BootloaderAPITable.o
                                                  obj/HoodLoader2.o (symbol from plugin)
BootloaderAPI_WritePage                           /tmp/HoodLoader2.elf.hQAjx8.ltrans0.ltrans.o
                                                  obj/BootloaderAPI.o (symbol from plugin)
                                                  obj/BootloaderAPITable.o
                                                  obj/HoodLoader2.o (symbol from plugin)
CALLBACK_HIDParser_FilterHIDReportItem            obj/HIDParser.o (symbol from plugin)
CALLBACK_USB_GetDescriptor                        obj/Descriptors.o (symbol from plugin)
                                                  obj/DeviceStandardReq.o (symbol from plugin)
ConfigDescriptors.c.e2f18b07                      /tmp/cc1dardG.debug.temp.o
ConfigurationDescriptor                           obj/Descriptors.o (symbol from plugin)
Descriptors.c.658a3a50                            /tmp/ccagvDND.debug.temp.o
DeviceDescriptor                                  obj/Descriptors.o (symbol from plugin)
DeviceStandardReq.c.e6cdcab1                      /tmp/cc42r2OT.debug.temp.o
Device_AVR8.c.6baba40d                            /tmp/ccQMG2Oq.debug.temp.o
EVENT_USB_Device_ConfigurationChanged             obj/HoodLoader2.o (symbol from plugin)
                                                  obj/DeviceStandardReq.o (symbol from plugin)
EVENT_USB_Device_Connect                          obj/Events.o (symbol from plugin)
                                                  obj/USBInterrupt_AVR8.o (symbol from plugin)
EVENT_USB_Device_ControlRequest                   obj/HoodLoader2.o (symbol from plugin)
                                                  obj/DeviceStandardReq.o (symbol from plugin)
EVENT_USB_Device_Disconnect                       obj/Events.o (symbol from plugin)
                                                  obj/USBInterrupt_AVR8.o (symbol from plugin)
EVENT_USB_Device_Reset                            obj/Events.o (symbol from plugin)
                                                  obj/USBInterrupt_AVR8.o (symbol from plugin)
EVENT_USB_Device_StartOfFrame                     obj/Events.o (symbol from plugin)
EVENT_USB_Device_Suspend                          obj/Events.o (symbol from plugin)
EVENT_USB_Device_WakeUp                           obj/Events.o (symbol from plugin)
EndpointStream_AVR8.c.1efb5fd3                    /tmp/ccAqiye5.debug.temp.o
Endpoint_AVR8.c.b830953b                          /tmp/ccRGet7N.debug.temp.o
Endpoint_ClearEndpoints                           obj/Endpoint_AVR8.o (symbol from plugin)
Endpoint_ClearStatusStage                         obj/Endpoint_AVR8.o (symbol from plugin)
                                                  obj/DeviceStandardReq.o (symbol from plugin)
                                                  obj/HoodLoader2.o (symbol from plugin)
Endpoint_ConfigureEndpointTable                   obj/Endpoint_AVR8.o (symbol from plugin)
Endpoint_ConfigureEndpoint_Prv                    obj/Endpoint_AVR8.o (symbol from plugin)
                                                  obj/USBInterrupt_AVR8.o (symbol from plugin)
                                                  obj/USBController_AVR8.o (symbol from plugin)
                                                  obj/HoodLoader2.o (symbol from plugin)
Endpoint_Discard_Stream                           obj/EndpointStream_AVR8.o (symbol from plugin)
Endpoint_Null_Stream                              obj/EndpointStream_AVR8.o (symbol from plugin)
Endpoint_Read_Control_EStream_BE                  obj/EndpointStream_AVR8.o (symbol from plugin)
Endpoint_Read_Control_EStream_LE                  obj/EndpointStream_AVR8.o (symbol from plugin)
Endpoint_Read_Control_Stream_BE                   obj/EndpointStream_AVR8.o (symbol from plugin)
Endpoint_Read_Control_Stream_LE                   obj/EndpointStream_AVR8.o (symbol from plugin)
Endpoint_Read_EStream_BE                          obj/EndpointStream_AVR8.o (symbol from plugin)
Endpoint_Read_EStream_LE                          obj/EndpointStream_AVR8.o (symbol from plugin)
Endpoint_Read_Stream_BE                           obj/EndpointStream_AVR8.o (symbol from plugin)
Endpoint_Read_Stream_LE                           obj/EndpointStream_AVR8.o (symbol from plugin)
Endpoint_WaitUntilReady                           obj/Endpoint_AVR8.o (symbol from plugin)
                                                  obj/EndpointStream_AVR8.o (symbol from plugin)
Endpoint_Write_Control_EStream_BE                 obj/EndpointStream_AVR8.o (symbol from plugin)
Endpoint_Write_Control_EStream_LE                 obj/EndpointStream_AVR8.o (symbol from plugin)
Endpoint_Write_Control_PStream_BE                 obj/EndpointStream_AVR8.o (symbol from plugin)
Endpoint_Write_Control_PStream_LE                 obj/EndpointStream_AVR8.o (symbol from plugin)
                                                  obj/DeviceStandardReq.o (symbol from plugin)
Endpoint_Write_Control_Stream_BE                  obj/EndpointStream_AVR8.o (symbol from plugin)
Endpoint_Write_Control_Stream_LE                  obj/EndpointStream_AVR8.o (symbol from plugin)
                                                  obj/HoodLoader2.o (symbol from plugin)
Endpoint_Write_EStream_BE                         obj/EndpointStream_AVR8.o (symbol from plugin)
Endpoint_Write_EStream_LE                         obj/EndpointStream_AVR8.o (symbol from plugin)
Endpoint_Write_PStream_BE                         obj/EndpointStream_AVR8.o (symbol from plugin)
Endpoint_Write_PStream_LE                         obj/EndpointStream_AVR8.o (symbol from plugin)
Endpoint_Write_Stream_BE                          obj/EndpointStream_AVR8.o (symbol from plugin)
Endpoint_Write_Stream_LE                          obj/EndpointStream_AVR8.o (symbol from plugin)
Events.c.f1d0d911                                 /tmp/ccC0npXU.debug.temp.o
HIDParser.c.67a47ad2                              /tmp/ccUoH91b.debug.temp.o
HoodLoader2.c.26772a71                            /tmp/cc34R0yU.debug.temp.o
HostStandardReq.c.1b8cbb02                        /tmp/ccaItPUS.debug.temp.o
Host_AVR8.c.8a2d60f2                              /tmp/ccrLNG4k.debug.temp.o
LanguageString                                    obj/Descriptors.o (symbol from plugin)
ManufacturerString                                obj/Descriptors.o (symbol from plugin)
PipeStream_AVR8.c.58d652c2                        /tmp/ccjdMZez.debug.temp.o
Pipe_AVR8.c.837850e6                              /tmp/cckIFmI7.debug.temp.o
ProductString                                     obj/Descriptors.o (symbol from plugin)
USBController_AVR8.c.ee3f894c                     /tmp/ccGNK0g1.debug.temp.o
USBInterrupt_AVR8.c.80a53cff                      /tmp/ccYbXZCG.debug.temp.o
USBTask.c.cb9d50f0                                /tmp/ccWIROCq.debug.temp.o
USB_ControlRequest                                obj/USBTask.o (symbol from plugin)
                                                  obj/DeviceStandardReq.o (symbol from plugin)
                                                  obj/Endpoint_AVR8.o (symbol from plugin)
                                                  obj/EndpointStream_AVR8.o (symbol from plugin)
                                                  obj/HoodLoader2.o (symbol from plugin)
USB_Device_ConfigurationNumber                    obj/DeviceStandardReq.o (symbol from plugin)
                                                  obj/USBInterrupt_AVR8.o (symbol from plugin)
                                                  obj/USBController_AVR8.o (symbol from plugin)
USB_Device_ProcessControlRequest                  obj/DeviceStandardReq.o (symbol from plugin)
                                                  obj/USBTask.o (symbol from plugin)
                                                  obj/HoodLoader2.o (symbol from plugin)
USB_Device_SendRemoteWakeup                       obj/Device_AVR8.o (symbol from plugin)
USB_Disable                                       obj/USBController_AVR8.o (symbol from plugin)
USB_Event_Stub                                    obj/Events.o (symbol from plugin)
USB_Event_Stub_2                                  obj/Events.o (symbol from plugin)
USB_Event_Stub_3                                  obj/Events.o (symbol from plugin)
USB_GetHIDReportItemInfo                          obj/HIDParser.o (symbol from plugin)
USB_GetHIDReportSize                              obj/HIDParser.o (symbol from plugin)
USB_GetNextDescriptorComp                         obj/ConfigDescriptors.o (symbol from plugin)
USB_GetNextDescriptorOfType                       obj/ConfigDescriptors.o (symbol from plugin)
USB_GetNextDescriptorOfTypeAfter                  obj/ConfigDescriptors.o (symbol from plugin)
USB_GetNextDescriptorOfTypeBefore                 obj/ConfigDescriptors.o (symbol from plugin)
USB_INT_ClearAllInterrupts                        obj/USBInterrupt_AVR8.o (symbol from plugin)
                                                  obj/USBController_AVR8.o (symbol from plugin)
USB_INT_DisableAllInterrupts                      obj/USBInterrupt_AVR8.o (symbol from plugin)
                                                  obj/USBController_AVR8.o (symbol from plugin)
USB_Init                                          obj/USBController_AVR8.o (symbol from plugin)
                                                  obj/HoodLoader2.o (symbol from plugin)
USB_IsInitialized                                 obj/USBTask.o (symbol from plugin)
                                                  obj/USBController_AVR8.o (symbol from plugin)
USB_ProcessHIDReport                              obj/HIDParser.o (symbol from plugin)
USB_ResetInterface                                obj/USBController_AVR8.o (symbol from plugin)
USB_SetHIDReportItemInfo                          obj/HIDParser.o (symbol from plugin)
USB_USBTask                                       obj/USBTask.o (symbol from plugin)
                                                  obj/EndpointStream_AVR8.o (symbol from plugin)
__bad_interrupt                                   /usr/lib/gcc/avr/10.3.0/../../../../avr/lib/avr35/crtatmega16u2.o
__bss_end                                         /usr/lib/gcc/avr/10.3.0/avr35/libgcc.a(_clear_bss.o)
__bss_start                                       /usr/lib/gcc/avr/10.3.0/avr35/libgcc.a(_clear_bss.o)
__data_end                                        /usr/lib/gcc/avr/10.3.0/avr35/libgcc.a(_copy_data.o)
__data_load_start                                 /usr/lib/gcc/avr/10.3.0/avr35/libgcc.a(_copy_data.o)
__data_start                                      /usr/lib/gcc/avr/10.3.0/avr35/libgcc.a(_copy_data.o)
__do_clear_bss                                    /usr/lib/gcc/avr/10.3.0/avr35/libgcc.a(_clear_bss.o)
                                                  /tmp/HoodLoader2.elf.hQAjx8.ltrans0.ltrans.o
__do_copy_data                                    /usr/lib/gcc/avr/10.3.0/avr35/libgcc.a(_copy_data.o)
                                                  /tmp/HoodLoader2.elf.hQAjx8.ltrans0.ltrans.o
__heap_end                                        /usr/lib/gcc/avr/10.3.0/../../../../avr/lib/avr35/crtatmega16u2.o
__init                                            /usr/lib/gcc/avr/10.3.0/../../../../avr/lib/avr35/crtatmega16u2.o
__stack                                           /usr/lib/gcc/avr/10.3.0/../../../../avr/lib/avr35/crtatmega16u2.o
__udivmodsi4                                      /usr/lib/gcc/avr/10.3.0/avr35/libgcc.a(_udivmodsi4.o)
                                                  /tmp/HoodLoader2.elf.hQAjx8.ltrans0.ltrans.o
__vector_1                                        /usr/lib/gcc/avr/10.3.0/../../../../avr/lib/avr35/crtatmega16u2.o
__vector_10                                       /usr/lib/gcc/avr/10.3.0/../../../../avr/lib/avr35/crtatmega16u2.o
__vector_11                                       /tmp/HoodLoader2.elf.hQAjx8.ltrans0.ltrans.o
                                                  obj/USBInterrupt_AVR8.o (symbol from plugin)
                                                  /usr/lib/gcc/avr/10.3.0/../../../../avr/lib/avr35/crtatmega16u2.o
__vector_12                                       /usr/lib/gcc/avr/10.3.0/../../../../avr/lib/avr35/crtatmega16u2.o
__vector_13                                       /usr/lib/gcc/avr/10.3.0/../../../../avr/lib/avr35/crtatmega16u2.o
__vector_14                                       /usr/lib/gcc/avr/10.3.0/../../../../avr/lib/avr35/crtatmega16u2.o
__vector_15                                       /usr/lib/gcc/avr/10.3.0/../../../../avr/lib/avr35/crtatmega16u2.o
__vector_16                                       /usr/lib/gcc/avr/10.3.0/../../../../avr/lib/avr35/crtatmega16u2.o
__vector_17                                       /usr/lib/gcc/avr/10.3.0/../../../../avr/lib/avr35/crtatmega16u2.o
__vector_18                                       /usr/lib/gcc/avr/10.3.0/../../../../avr/lib/avr35/crtatmega16u2.o
__vector_19                                       /usr/lib/gcc/avr/10.3.0/../../../../avr/lib/avr35/crtatmega16u2.o
__vector_2                                        /usr/lib/gcc/avr/10.3.0/../../../../avr/lib/avr35/crtatmega16u2.o
__vector_20                                       /usr/lib/gcc/avr/10.3.0/../../../../avr/lib/avr35/crtatmega16u2.o
__vector_21                                       /usr/lib/gcc/avr/10.3.0/../../../../avr/lib/avr35/crtatmega16u2.o
__vector_22                                       /usr/lib/gcc/avr/10.3.0/../../../../avr/lib/avr35/crtatmega16u2.o
__vector_23                                       /tmp/HoodLoader2.elf.hQAjx8.ltrans0.ltrans.o
                                                  obj/HoodLoader2.o (symbol from plugin)
                                                  /usr/lib/gcc/avr/10.3.0/../../../../avr/lib/avr35/crtatmega16u2.o
__vector_24                                       /tmp/HoodLoader2.elf.hQAjx8.ltrans0.ltrans.o
                                                  obj/HoodLoader2.o (symbol from plugin)
                                                  /usr/lib/gcc/avr/10.3.0/../../../../avr/lib/avr35/crtatmega16u2.o
__vector_25                                       /usr/lib/gcc/avr/10.3.0/../../../../avr/lib/avr35/crtatmega16u2.o
__vector_26                                       /usr/lib/gcc/avr/10.3.0/../../../../avr/lib/avr35/crtatmega16u2.o
__vector_27                                       /usr/lib/gcc/avr/10.3.0/../../../../avr/lib/avr35/crtatmega16u2.o
__vector_28                                       /usr/lib/gcc/avr/10.3.0/../../../../avr/lib/avr35/crtatmega16u2.o
__vector_3                                        /usr/lib/gcc/avr/10.3.0/../../../../avr/lib/avr35/crtatmega16u2.o
__vector_4                                        /usr/lib/gcc/avr/10.3.0/../../../../avr/lib/avr35/crtatmega16u2.o
__vector_5                                        /usr/lib/gcc/avr/10.3.0/../../../../avr/lib/avr35/crtatmega16u2.o
__vector_6                                        /usr/lib/gcc/avr/10.3.0/../../../../avr/lib/avr35/crtatmega16u2.o
__vector_7                                        /usr/lib/gcc/avr/10.3.0/../../../../avr/lib/avr35/crtatmega16u2.o
__vector_8                                        /usr/lib/gcc/avr/10.3.0/../../../../avr/lib/avr35/crtatmega16u2.o
__vector_9                                        /usr/lib/gcc/avr/10.3.0/../../../../avr/lib/avr35/crtatmega16u2.o
__vector_default                                  /usr/lib/gcc/avr/10.3.0/../../../../avr/lib/avr35/crtatmega16u2.o
__vectors                                         /usr/lib/gcc/avr/10.3.0/../../../../avr/lib/avr35/crtatmega16u2.o
_exit                                             /usr/lib/gcc/avr/10.3.0/avr35/libgcc.a(_exit.o)
eeprom_read_byte                                  /usr/lib/gcc/avr/10.3.0/../../../../avr/lib/avr35/libatmega16u2.a(eerd_byte.o)
                                                  /tmp/HoodLoader2.elf.hQAjx8.ltrans0.ltrans.o
                                                  obj/EndpointStream_AVR8.o (symbol from plugin)
                                                  obj/HoodLoader2.o (symbol from plugin)
eeprom_update_byte                                /usr/lib/gcc/avr/10.3.0/../../../../avr/lib/avr35/libatmega16u2.a(eeupd_byte.o)
                                                  /tmp/HoodLoader2.elf.hQAjx8.ltrans0.ltrans.o
                                                  obj/EndpointStream_AVR8.o (symbol from plugin)
                                                  obj/HoodLoader2.o (symbol from plugin)
eeprom_update_r18                                 /usr/lib/gcc/avr/10.3.0/../../../../avr/lib/avr35/libatmega16u2.a(eeupd_byte.o)
exit                                              /usr/lib/gcc/avr/10.3.0/avr35/libgcc.a(_exit.o)
                                                  /usr/lib/gcc/avr/10.3.0/../../../../avr/lib/avr35/crtatmega16u2.o
main                                              /tmp/HoodLoader2.elf.hQAjx8.ltrans0.ltrans.o
                                                  obj/HoodLoader2.o (symbol from plugin)
                                                  /usr/lib/gcc/avr/10.3.0/../../../../avr/lib/avr35/crtatmega16u2.o
